22:26:34 **** Build of configuration Debug for project TimerProj_bsp_xtmrctr_polled_example_1 ****
make pre-build main-build 
a9-linaro-pre-build-step
' '
'Building file: ../src/xtmrctr_polled_example.c'
'Invoking: ARM v7 gcc compiler'
arm-none-eabi-gcc -Wall -O0 -g3 -c -fmessage-length=0 -MT"src/xtmrctr_polled_example.o" -mcpu=cortex-a9 -mfpu=vfpv3 -mfloat-abi=hard -I../../TimerProj_bsp/ps7_cortexa9_0/include -MMD -MP -MF"src/xtmrctr_polled_example.d" -MT"src/xtmrctr_polled_example.o" -o "src/xtmrctr_polled_example.o" "../src/xtmrctr_polled_example.c"
'Finished building: ../src/xtmrctr_polled_example.c'
' '
'Building target: TimerProj_bsp_xtmrctr_polled_example_1.elf'
'Invoking: ARM v7 gcc linker'
arm-none-eabi-gcc -mcpu=cortex-a9 -mfpu=vfpv3 -mfloat-abi=hard -Wl,-build-id=none -specs=Xilinx.spec -Wl,-T -Wl,../src/lscript.ld -L../../TimerProj_bsp/ps7_cortexa9_0/lib -o "TimerProj_bsp_xtmrctr_polled_example_1.elf"  ./src/xtmrctr_polled_example.o   -Wl,--start-group,-lxil,-lgcc,-lc,--end-group
'Finished building target: TimerProj_bsp_xtmrctr_polled_example_1.elf'
' '
'Invoking: ARM v7 Print Size'
arm-none-eabi-size TimerProj_bsp_xtmrctr_polled_example_1.elf  |tee "TimerProj_bsp_xtmrctr_polled_example_1.elf.size"
   text	   data	    bss	    dec	    hex	filename
  26128	   1168	  22632	  49928	   c308	TimerProj_bsp_xtmrctr_polled_example_1.elf
'Finished building: TimerProj_bsp_xtmrctr_polled_example_1.elf.size'
' '

22:26:35 Build Finished (took 876ms)

